[    0.000000] Initializing cgroup subsys cpuset
[    0.000000] Initializing cgroup subsys cpu
[    0.000000] Initializing cgroup subsys cpuacct
[    0.000000] Linux version 4.4.0-142-generic (buildd@lcy01-amd64-022) (gcc version 5.4.0 20160609 (Ubuntu 5.4.0-6ubuntu1~16.04.10) ) #168-Ubuntu SMP Wed Jan 16 21:01:15 UTC 2019 (Ubuntu 4.4.0-142.168-generic 4.4.167)
[    0.000000] KERNEL supported cpus:
[    0.000000]   Intel GenuineIntel
[    0.000000]   AMD AuthenticAMD
[    0.000000]   NSC Geode by NSC
[    0.000000]   Cyrix CyrixInstead
[    0.000000]   Centaur CentaurHauls
[    0.000000]   Transmeta GenuineTMx86
[    0.000000]   Transmeta TransmetaCPU
[    0.000000]   UMC UMC UMC UMC
[    0.000000] x86/fpu: xstate_offset[2]:  576, xstate_sizes[2]:  256
[    0.000000] x86/fpu: Supporting XSAVE feature 0x01: 'x87 floating point registers'
[    0.000000] x86/fpu: Supporting XSAVE feature 0x02: 'SSE registers'
[    0.000000] x86/fpu: Supporting XSAVE feature 0x04: 'AVX registers'
[    0.000000] x86/fpu: Enabled xstate features 0x7, context size is 832 bytes, using 'standard' format.
[    0.000000] e820: BIOS-provided physical RAM map:
[    0.000000] BIOS-e820: [mem 0x0000000000000000-0x000000000009fbff] usable
[    0.000000] BIOS-e820: [mem 0x000000000009fc00-0x000000000009ffff] reserved
[    0.000000] BIOS-e820: [mem 0x00000000000f0000-0x00000000000fffff] reserved
[    0.000000] BIOS-e820: [mem 0x0000000000100000-0x000000003ffeffff] usable
[    0.000000] BIOS-e820: [mem 0x000000003fff0000-0x000000003fffffff] ACPI data
[    0.000000] BIOS-e820: [mem 0x00000000fec00000-0x00000000fec00fff] reserved
[    0.000000] BIOS-e820: [mem 0x00000000fee00000-0x00000000fee00fff] reserved
[    0.000000] BIOS-e820: [mem 0x00000000fffc0000-0x00000000ffffffff] reserved
[    0.000000] NX (Execute Disable) protection: active
[    0.000000] SMBIOS 2.5 present.
[    0.000000] Hypervisor detected: KVM
[    0.000000] e820: last_pfn = 0x3fff0 max_arch_pfn = 0x1000000
[    0.000000] MTRR: Disabled
[    0.000000] x86/PAT: MTRRs disabled, skipping PAT initialization too.
[    0.000000] CPU MTRRs all blank - virtualized system.
[    0.000000] x86/PAT: Configuration [0-7]: WB  WT  UC- UC  WB  WT  UC- UC  
[    0.000000] found SMP MP-table at [mem 0x0009fff0-0x0009ffff] mapped at [c009fff0]
[    0.000000] Scanning 1 areas for low memory corruption
[    0.000000] RAMDISK: [mem 0x3631a000-0x37184fff]
[    0.000000] ACPI: Early table checksum verification disabled
[    0.000000] ACPI: RSDP 0x00000000000E0000 000024 (v02 VBOX  )
[    0.000000] ACPI: XSDT 0x000000003FFF0030 00003C (v01 VBOX   VBOXXSDT 00000001 ASL  00000061)
[    0.000000] ACPI: FACP 0x000000003FFF00F0 0000F4 (v04 VBOX   VBOXFACP 00000001 ASL  00000061)
[    0.000000] ACPI: DSDT 0x000000003FFF0470 0022EA (v02 VBOX   VBOXBIOS 00000002 INTL 20100528)
[    0.000000] ACPI: FACS 0x000000003FFF0200 000040
[    0.000000] ACPI: FACS 0x000000003FFF0200 000040
[    0.000000] ACPI: APIC 0x000000003FFF0240 00005C (v02 VBOX   VBOXAPIC 00000001 ASL  00000061)
[    0.000000] ACPI: SSDT 0x000000003FFF02A0 0001CC (v01 VBOX   VBOXCPUT 00000002 INTL 20100528)
[    0.000000] 131MB HIGHMEM available.
[    0.000000] 891MB LOWMEM available.
[    0.000000]   mapped low ram: 0 - 37bfe000
[    0.000000]   low ram: 0 - 37bfe000
[    0.000000] kvm-clock: Using msrs 4b564d01 and 4b564d00
[    0.000000] kvm-clock: cpu 0, msr 0:37bfd001, primary cpu clock
[    0.000000] kvm-clock: using sched offset of 4579206122 cycles
[    0.000000] clocksource: kvm-clock: mask: 0xffffffffffffffff max_cycles: 0x1cd42e4dffb, max_idle_ns: 881590591483 ns
[    0.000000] Zone ranges:
[    0.000000]   DMA      [mem 0x0000000000001000-0x0000000000ffffff]
[    0.000000]   Normal   [mem 0x0000000001000000-0x0000000037bfdfff]
[    0.000000]   HighMem  [mem 0x0000000037bfe000-0x000000003ffeffff]
[    0.000000] Movable zone start for each node
[    0.000000] Early memory node ranges
[    0.000000]   node   0: [mem 0x0000000000001000-0x000000000009efff]
[    0.000000]   node   0: [mem 0x0000000000100000-0x000000003ffeffff]
[    0.000000] Initmem setup node 0 [mem 0x0000000000001000-0x000000003ffeffff]
[    0.000000] Using APIC driver default
[    0.000000] ACPI: PM-Timer IO Port: 0x4008
[    0.000000] IOAPIC[0]: apic_id 2, version 32, address 0xfec00000, GSI 0-23
[    0.000000] ACPI: INT_SRC_OVR (bus 0 bus_irq 0 global_irq 2 dfl dfl)
[    0.000000] ACPI: INT_SRC_OVR (bus 0 bus_irq 9 global_irq 9 low level)
[    0.000000] Using ACPI (MADT) for SMP configuration information
[    0.000000] smpboot: Allowing 2 CPUs, 0 hotplug CPUs
[    0.000000] PM: Registered nosave memory: [mem 0x00000000-0x00000fff]
[    0.000000] PM: Registered nosave memory: [mem 0x0009f000-0x0009ffff]
[    0.000000] PM: Registered nosave memory: [mem 0x000a0000-0x000effff]
[    0.000000] PM: Registered nosave memory: [mem 0x000f0000-0x000fffff]
[    0.000000] e820: [mem 0x40000000-0xfebfffff] available for PCI devices
[    0.000000] Booting paravirtualized kernel on KVM
[    0.000000] clocksource: refined-jiffies: mask: 0xffffffff max_cycles: 0xffffffff, max_idle_ns: 7645519600211568 ns
[    0.000000] setup_percpu: NR_CPUS:8 nr_cpumask_bits:8 nr_cpu_ids:2 nr_node_ids:1
[    0.000000] PERCPU: Embedded 19 pages/cpu @f71b0000 s47308 r0 d30516 u77824
[    0.000000] Built 1 zonelists in Zone order, mobility grouping on.  Total pages: 259800
[    0.000000] Kernel command line: BOOT_IMAGE=/boot/vmlinuz-4.4.0-142-generic root=LABEL=cloudimg-rootfs ro console=tty1 console=ttyS0
[    0.000000] PID hash table entries: 4096 (order: 2, 16384 bytes)
[    0.000000] Dentry cache hash table entries: 131072 (order: 7, 524288 bytes)
[    0.000000] Inode-cache hash table entries: 65536 (order: 6, 262144 bytes)
[    0.000000] Initializing CPU#0
[    0.000000] Initializing HighMem for node 0 (00037bfe:0003fff0)
[    0.000000] Initializing Movable for node 0 (00000000:00000000)
[    0.000000] Memory: 1008004K/1048120K available (8094K kernel code, 791K rwdata, 3180K rodata, 932K init, 800K bss, 40116K reserved, 0K cma-reserved, 135112K highmem)
[    0.000000] virtual kernel memory layout:
[    0.000000]     fixmap  : 0xfff15000 - 0xfffff000   ( 936 kB)
[    0.000000]     pkmap   : 0xffc00000 - 0xffe00000   (2048 kB)
[    0.000000]     vmalloc : 0xf83fe000 - 0xffbfe000   ( 120 MB)
[    0.000000]     lowmem  : 0xc0000000 - 0xf7bfe000   ( 891 MB)
[    0.000000]       .init : 0xc1bcc000 - 0xc1cb5000   ( 932 kB)
[    0.000000]       .data : 0xc17e7e54 - 0xc1bcad40   (3979 kB)
[    0.000000]       .text : 0xc1000000 - 0xc17e7e54   (8095 kB)
[    0.000000] Checking if this processor honours the WP bit even in supervisor mode...Ok.
[    0.000000] SLUB: HWalign=64, Order=0-3, MinObjects=0, CPUs=2, Nodes=1
[    0.000000] Hierarchical RCU implementation.
[    0.000000] 	Build-time adjustment of leaf fanout to 32.
[    0.000000] 	RCU restricting CPUs from NR_CPUS=8 to nr_cpu_ids=2.
[    0.000000] RCU: Adjusting geometry for rcu_fanout_leaf=32, nr_cpu_ids=2
[    0.000000] NR_IRQS:2304 nr_irqs:440 16
[    0.000000] Console: colour VGA+ 80x25
[    0.000000] console [tty1] enabled
[    0.000000] console [ttyS0] enabled
[    0.000000] allocated 1048576 bytes of page_ext
[    0.000000] tsc: Detected 2294.786 MHz processor
[    0.256118] Calibrating delay loop (skipped) preset value.. 4589.57 BogoMIPS (lpj=9179144)
[    0.259062] pid_max: default: 32768 minimum: 301
[    0.260600] ACPI: Core revision 20150930
[    0.263447] ACPI: 2 ACPI AML tables successfully acquired and loaded
[    0.265460] Security Framework initialized
[    0.266706] Yama: becoming mindful.
[    0.267873] AppArmor: AppArmor initialized
[    0.269367] Mount-cache hash table entries: 2048 (order: 1, 8192 bytes)
[    0.271529] Mountpoint-cache hash table entries: 2048 (order: 1, 8192 bytes)
[    0.273734] Initializing cgroup subsys io
[    0.275333] Initializing cgroup subsys memory
[    0.276790] Initializing cgroup subsys devices
[    0.278143] Initializing cgroup subsys freezer
[    0.279654] Initializing cgroup subsys net_cls
[    0.281028] Initializing cgroup subsys perf_event
[    0.282597] Initializing cgroup subsys net_prio
[    0.284286] Initializing cgroup subsys hugetlb
[    0.285842] Initializing cgroup subsys pids
[    0.287608] mce: CPU supports 0 MCE banks
[    0.288788] Last level iTLB entries: 4KB 512, 2MB 8, 4MB 8
[    0.290365] Last level dTLB entries: 4KB 512, 2MB 32, 4MB 32, 1GB 0
[    0.292597] Spectre V2 : Mitigation: Full generic retpoline
[    0.294469] Spectre V2 : Spectre v2 / SpectreRSB mitigation: Filling RSB on context switch
[    0.297468] Speculative Store Bypass: Vulnerable
[    0.305213] Freeing SMP alternatives memory: 36K
[    0.316188] ftrace: allocating 31552 entries in 62 pages
[    0.405167] smpboot: APIC(0) Converting physical 0 to logical package 0
[    0.407352] smpboot: Max logical packages: 1
[    0.408655] Enabling APIC mode:  Flat.  Using 1 I/O APICs
[    0.411738] ..TIMER: vector=0x30 apic1=0 pin1=2 apic2=-1 pin2=-1
[    0.518949] smpboot: CPU0: Intel(R) Core(TM) i5-2410M CPU @ 2.30GHz (family: 0x6, model: 0x2a, stepping: 0x7)
[    0.522560] Performance Events: unsupported p6 CPU model 42 no PMU driver, software events only.
[    0.536960] KVM setup paravirtual spinlock
[    0.539228] x86: Booting SMP configuration:
[    0.540629] .... node  #0, CPUs:      #1
[1266874885.130345] Initializing CPU#1
[    0.542783] kvm-clock: cpu 1, msr 0:37bfd041, secondary cpu clock
[    0.544317] mce: CPU supports 0 MCE banks
[    0.547284] x86: Booted up 1 node, 2 CPUs
[    0.548970] smpboot: Total of 2 processors activated (9179.14 BogoMIPS)
[    0.551572] devtmpfs: initialized
[    0.553054] evm: security.selinux
[    0.554353] evm: security.SMACK64
[    0.555526] evm: security.SMACK64EXEC
[    0.556755] evm: security.SMACK64TRANSMUTE
[    0.558072] evm: security.SMACK64MMAP
[    0.559520] evm: security.ima
[    0.560629] evm: security.capability
[    0.562178] clocksource: jiffies: mask: 0xffffffff max_cycles: 0xffffffff, max_idle_ns: 7645041785100000 ns
[    0.564977] futex hash table entries: 512 (order: 3, 32768 bytes)
[    0.567263] pinctrl core: initialized pinctrl subsystem
[    0.569222] RTC time: 15:42:29, date: 02/21/19
[    0.571112] NET: Registered protocol family 16
[    0.573097] EISA bus registered
[    0.586713] cpuidle: using governor ladder
[    0.598655] cpuidle: using governor menu
[    0.599904] PCCT header not found.
[    0.601112] ACPI: bus type PCI registered
[    0.602337] acpiphp: ACPI Hot Plug PCI Controller Driver version: 0.5
[    0.604839] PCI : PCI BIOS area is rw and x. Use pci=nobios if you want it NX.
[    0.607457] PCI: PCI BIOS revision 2.10 entry at 0xfda26, last bus=0
[    0.609278] PCI: Using configuration type 1 for base access
[    0.628050] ACPI: Added _OSI(Module Device)
[    0.629516] ACPI: Added _OSI(Processor Device)
[    0.631358] ACPI: Added _OSI(3.0 _SCP Extensions)
[    0.632955] ACPI: Added _OSI(Processor Aggregator Device)
[    0.635876] ACPI: Executed 1 blocks of module-level executable AML code
[    0.640790] ACPI: Interpreter enabled
[    0.642079] ACPI: (supports S0 S5)
[    0.643511] ACPI: Using IOAPIC for interrupt routing
[    0.645539] PCI: Using host bridge windows from ACPI; if necessary, use "pci=nocrs" and report a bug
[    0.655382] ACPI: PCI Root Bridge [PCI0] (domain 0000 [bus 00-ff])
[    0.657332] acpi PNP0A03:00: _OSC: OS supports [ASPM ClockPM Segments MSI]
[    0.676848] acpi PNP0A03:00: _OSC: not requesting OS control; OS requires [ExtendedConfig ASPM ClockPM MSI]
[    0.680122] acpi PNP0A03:00: fail to add MMCONFIG information, can't access extended PCI configuration space under this bridge.
[    0.684175] PCI host bridge to bus 0000:00
[    0.685760] pci_bus 0000:00: root bus resource [io  0x0000-0x0cf7 window]
[    0.688003] pci_bus 0000:00: root bus resource [io  0x0d00-0xffff window]
[    0.689982] pci_bus 0000:00: root bus resource [mem 0x000a0000-0x000bffff window]
[    0.692945] pci_bus 0000:00: root bus resource [mem 0x40000000-0xfdffffff window]
[    0.695826] pci_bus 0000:00: root bus resource [bus 00-ff]
[    0.700620] pci 0000:00:01.1: legacy IDE quirk: reg 0x10: [io  0x01f0-0x01f7]
[    0.702781] pci 0000:00:01.1: legacy IDE quirk: reg 0x14: [io  0x03f6]
[    0.704658] pci 0000:00:01.1: legacy IDE quirk: reg 0x18: [io  0x0170-0x0177]
[    0.706830] pci 0000:00:01.1: legacy IDE quirk: reg 0x1c: [io  0x0376]
[    0.754105] pci 0000:00:07.0: quirk: [io  0x4000-0x403f] claimed by PIIX4 ACPI
[    0.756715] pci 0000:00:07.0: quirk: [io  0x4100-0x410f] claimed by PIIX4 SMB
[    0.772132] ACPI: PCI Interrupt Link [LNKA] (IRQs 5 9 10 *11)
[    0.775357] ACPI: PCI Interrupt Link [LNKB] (IRQs 5 9 *10 11)
[    0.778301] ACPI: PCI Interrupt Link [LNKC] (IRQs 5 *9 10 11)
[    0.781154] ACPI: PCI Interrupt Link [LNKD] (IRQs 5 9 10 *11)
[    0.786425] ACPI: Enabled 2 GPEs in block 00 to 07
[    0.790884] vgaarb: setting as boot device: PCI:0000:00:02.0
[    0.793093] vgaarb: device added: PCI:0000:00:02.0,decodes=io+mem,owns=io+mem,locks=none
[    0.797084] vgaarb: loaded
[    0.798682] vgaarb: bridge control possible 0000:00:02.0
[    0.801169] SCSI subsystem initialized
[    0.802757] ACPI: bus type USB registered
[    0.804355] usbcore: registered new interface driver usbfs
[    0.806499] usbcore: registered new interface driver hub
[    0.809309] usbcore: registered new device driver usb
[    0.813236] PCI: Using ACPI for IRQ routing
[    0.816578] NetLabel: Initializing
[    0.818201] NetLabel:  domain hash size = 128
[    0.820151] NetLabel:  protocols = UNLABELED CIPSOv4
[    0.823869] NetLabel:  unlabeled traffic allowed by default
[    0.827913] amd_nb: Cannot enumerate AMD northbridges
[    0.829689] clocksource: Switched to clocksource kvm-clock
[    0.845978] AppArmor: AppArmor Filesystem Enabled
[    0.855457] pnp: PnP ACPI init
[    0.862432] pnp: PnP ACPI: found 3 devices
[    0.864979] PnPBIOS: Disabled by ACPI PNP
[    0.918770] clocksource: acpi_pm: mask: 0xffffff max_cycles: 0xffffff, max_idle_ns: 2085701024 ns
[    0.924946] NET: Registered protocol family 2
[    0.928732] TCP established hash table entries: 8192 (order: 3, 32768 bytes)
[    0.933505] TCP bind hash table entries: 8192 (order: 4, 65536 bytes)
[    0.937425] TCP: Hash tables configured (established 8192 bind 8192)
[    0.942124] UDP hash table entries: 512 (order: 2, 16384 bytes)
[    0.946383] UDP-Lite hash table entries: 512 (order: 2, 16384 bytes)
[    0.950109] NET: Registered protocol family 1
[    0.954623] pci 0000:00:00.0: Limiting direct PCI/PCI transfers
[    0.959912] pci 0000:00:01.0: Activating ISA DMA hang workarounds
[    0.969235] Unpacking initramfs...
[    1.599855] Freeing initrd memory: 14764K
[    1.601974] RAPL PMU detected, API unit is 2^-32 Joules, 3 fixed counters 10737418240 ms ovfl timer
[    1.605484] hw unit of domain pp0-core 2^-0 Joules
[    1.607349] hw unit of domain package 2^-0 Joules
[    1.609184] hw unit of domain pp1-gpu 2^-0 Joules
[    1.611229] platform rtc_cmos: registered platform RTC device (no PNP device found)
[    1.614113] Scanning for low memory corruption every 60 seconds
[    1.617278] audit: initializing netlink subsys (disabled)
[    1.619426] audit: type=2000 audit(1550763756.167:1): initialized
[    1.621911] Initialise system trusted keyring
[    1.623898] HugeTLB registered 2 MB page size, pre-allocated 0 pages
[    1.628561] zbud: loaded
[    1.629980] VFS: Disk quotas dquot_6.6.0
[    1.631603] VFS: Dquot-cache hash table entries: 1024 (order 0, 4096 bytes)
[    1.634482] squashfs: version 4.0 (2009/01/31) Phillip Lougher
[    1.637193] fuse init (API version 7.23)
[    1.640562] Key type big_key registered
[    1.642195] Allocating IMA MOK and blacklist keyrings.
[    1.661165] Key type asymmetric registered
[    1.663021] Asymmetric key parser 'x509' registered
[    1.665049] bounce: pool size: 64 pages
[    1.666866] Block layer SCSI generic (bsg) driver version 0.4 loaded (major 249)
[    1.670353] io scheduler noop registered
[    1.672081] io scheduler deadline registered (default)
[    1.674140] io scheduler cfq registered
[    1.676010] pci_hotplug: PCI Hot Plug PCI Core version: 0.5
[    1.678138] pciehp: PCI Express Hot Plug Controller Driver version: 0.4
[    1.680896] ACPI: AC Adapter [AC] (on-line)
[    1.682858] input: Power Button as /devices/LNXSYSTM:00/LNXPWRBN:00/input/input0
[    1.686910] ACPI: Power Button [PWRF]
[    1.690384] input: Sleep Button as /devices/LNXSYSTM:00/LNXSLPBN:00/input/input1
[    1.701399] ACPI: Sleep Button [SLPF]
[    1.703768] GHES: HEST is not enabled!
[    1.705790] isapnp: Scanning for PnP cards...
 	
 !"#$%&'()*+,-./0123456789:;<=>?@ABCDEFGHIJKLMNOPQRSTUVWXYZ[\]^_`abcdefghijklmnopqrstuvwxyz{|}~ÄÅÇÉÑÖÜáàâäãåçéèêëíìîïñóòôöõúùûü†°¢£§•¶ß®©™´¨≠ÆØ∞±≤≥¥µ∂∑∏π∫ªºΩæø¿¡¬√ƒ≈∆«»… ÀÃÕŒœ–—“”‘’÷◊ÿŸ⁄€‹›ﬁﬂ‡·‚„‰ÂÊÁËÈÍÎÏÌÓÔÒÚÛÙıˆ˜¯˘˙˚¸˝˛ˇ[    1.706901] ACPI: Battery Slot [BAT0] (battery present)
[    1.707011] Serial: 8250/16550 driver, 32 ports, IRQ sharing enabled
[    1.735030] 00:02: ttyS0 at I/O 0x3f8 (irq = 4, base_baud = 115200) is a 16550A
[    1.739185] Linux agpgart interface v0.103
[    1.748937] loop: module loaded
[    1.751502] scsi host0: ata_piix
[    1.752976] scsi host1: ata_piix
[    1.754468] ata1: PATA max UDMA/33 cmd 0x1f0 ctl 0x3f6 bmdma 0xd000 irq 14
[    1.756738] ata2: PATA max UDMA/33 cmd 0x170 ctl 0x376 bmdma 0xd008 irq 15
[    1.759147] libphy: Fixed MDIO Bus: probed
[    1.760788] tun: Universal TUN/TAP device driver, 1.6
[    1.762484] tun: (C) 1999-2004 Max Krasnyansky <maxk@qualcomm.com>
[    1.765088] PPP generic driver version 2.4.2
[    1.766845] ehci_hcd: USB 2.0 'Enhanced' Host Controller (EHCI) Driver
[    1.769673] ehci-pci: EHCI PCI platform driver
[    1.771450] ehci-platform: EHCI generic platform driver
[    1.773187] ohci_hcd: USB 1.1 'Open' Host Controller (OHCI) Driver
[    1.775190] ohci-pci: OHCI PCI platform driver
[    1.776735] ohci-platform: OHCI generic platform driver
[    1.778602] uhci_hcd: USB Universal Host Controller Interface driver
[    1.780825] i8042: PNP: PS/2 Controller [PNP0303:PS2K,PNP0f03:PS2M] at 0x60,0x64 irq 1,12
[    1.786361] serio: i8042 KBD port at 0x60,0x64 irq 1
[    1.789144] serio: i8042 AUX port at 0x60,0x64 irq 12
[    1.795161] mousedev: PS/2 mouse device common for all mice
[    1.800427] input: AT Translated Set 2 keyboard as /devices/platform/i8042/serio0/input/input2
[    1.806471] rtc_cmos rtc_cmos: rtc core: registered rtc_cmos as rtc0
[    1.811176] rtc_cmos rtc_cmos: alarms up to one day, 114 bytes nvram
[    1.815124] i2c /dev entries driver
[    1.817147] device-mapper: uevent: version 1.0.3
[    1.819578] device-mapper: ioctl: 4.34.0-ioctl (2015-10-28) initialised: dm-devel@redhat.com
[    1.825716] platform eisa.0: Probing EISA bus 0
[    1.828061] platform eisa.0: EISA: Cannot allocate resource for mainboard
[    1.832806] platform eisa.0: Cannot allocate resource for EISA slot 1
[    1.837008] platform eisa.0: Cannot allocate resource for EISA slot 2
[    1.841886] platform eisa.0: Cannot allocate resource for EISA slot 3
[    1.844603] platform eisa.0: Cannot allocate resource for EISA slot 4
[    1.848869] platform eisa.0: Cannot allocate resource for EISA slot 5
[    1.851874] platform eisa.0: Cannot allocate resource for EISA slot 6
[    1.857397] platform eisa.0: Cannot allocate resource for EISA slot 7
[    1.860490] platform eisa.0: Cannot allocate resource for EISA slot 8
[    1.862801] platform eisa.0: EISA: Detected 0 cards
[    1.864588] cpufreq-nforce2: No nForce2 chipset.
[    1.868406] ledtrig-cpu: registered to indicate activity on CPUs
[    1.873538] NET: Registered protocol family 10
[    1.875412] NET: Registered protocol family 17
[    1.876963] Key type dns_resolver registered
[    1.879253] Using IPI No-Shortcut mode
[    1.881924] registered taskstats version 1
[    1.883451] Loading compiled-in X.509 certificates
[    1.890288] Loaded X.509 cert 'Build time autogenerated kernel key: 24992bd15110f060e21faeb1eb50ca0e07d956c4'
[    1.894061] zswap: loaded using pool lzo/zbud
[    1.897804] Key type trusted registered
[    1.908235] Key type encrypted registered
[    1.910261] AppArmor: AppArmor sha1 policy hashing enabled
[    1.913214] ima: No TPM chip found, activating TPM-bypass!
[    1.915036] ima: Allocated hash algorithm: sha1
[    1.916564] evm: HMAC attrs: 0x1
[    1.918326]   Magic number: 7:827:740
[    1.919728] rtc_cmos rtc_cmos: setting system clock to 2019-02-21 15:42:30 UTC (1550763750)
[    1.923005] BIOS EDD facility v0.16 2004-Jun-25, 0 devices found
[    1.926538] EDD information not available.
[    2.129582] isapnp: No Plug & Play device found
[    2.131775] Freeing unused kernel memory: 932K
[    2.141973] Write protecting the kernel text: 8096k
[    2.143672] Write protecting the kernel read-only data: 3188k
[    2.145660] NX-protecting the kernel data: 6240k
Loading, please wait...
starting version 229
[    2.167195] random: systemd-udevd: uninitialized urandom read (16 bytes read, 0 bits of entropy available)
[    2.168202] random: udevadm: uninitialized urandom read (16 bytes read, 0 bits of entropy available)
[    2.174557] random: systemd-udevd: uninitialized urandom read (16 bytes read, 0 bits of entropy available)
[    2.178342] random: systemd-udevd: uninitialized urandom read (16 bytes read, 0 bits of entropy available)
[    2.189469] random: systemd-udevd: uninitialized urandom read (16 bytes read, 0 bits of entropy available)
[    2.190463] random: udevadm: uninitialized urandom read (16 bytes read, 0 bits of entropy available)
[    2.190542] random: udevadm: uninitialized urandom read (16 bytes read, 0 bits of entropy available)
[    2.190890] random: udevadm: uninitialized urandom read (16 bytes read, 0 bits of entropy available)
[    2.191009] random: udevadm: uninitialized urandom read (16 bytes read, 0 bits of entropy available)
[    2.191159] random: udevadm: uninitialized urandom read (16 bytes read, 0 bits of entropy available)
[    2.320512] Fusion MPT base driver 3.04.20
[    2.322332] Copyright (c) 1999-2008 LSI Corporation
[    2.327473] e1000: Intel(R) PRO/1000 Network Driver - version 7.3.21-k8-NAPI
[    2.329761] e1000: Copyright (c) 1999-2006 Intel Corporation.
[    2.404756] Fusion MPT SPI Host driver 3.04.20
[    2.570457] input: ImExPS/2 Generic Explorer Mouse as /devices/platform/i8042/serio1/input/input4
[    2.612304] tsc: Refined TSC clocksource calibration: 2294.160 MHz
[    2.614819] clocksource: tsc: mask: 0xffffffffffffffff max_cycles: 0x2111a85da7b, max_idle_ns: 440795214329 ns
[    2.822448] e1000 0000:00:03.0 eth0: (PCI:33MHz:32-bit) 02:ff:d3:32:7f:06
[    2.824461] e1000 0000:00:03.0 eth0: Intel(R) PRO/1000 Network Connection
[    2.827723] e1000 0000:00:03.0 enp0s3: renamed from eth0
[    2.828053] mptbase: ioc0: Initiating bringup
[    2.907038] ioc0: LSI53C1030 A0: Capabilities={Initiator}
[    3.680377] scsi host2: ioc0: LSI53C1030 A0, FwRev=00000000h, Ports=1, MaxQ=256, IRQ=20
[    4.220300] scsi 2:0:0:0: Direct-Access     VBOX     HARDDISK         1.0  PQ: 0 ANSI: 5
[    4.222979] scsi target2:0:0: Beginning Domain Validation
[    4.225466] scsi target2:0:0: Domain Validation skipping write tests
[    4.227402] scsi target2:0:0: Ending Domain Validation
[    4.229070] scsi target2:0:0: asynchronous
[    4.230778] scsi 2:0:1:0: Direct-Access     VBOX     HARDDISK         1.0  PQ: 0 ANSI: 5
[    4.232905] scsi target2:0:1: Beginning Domain Validation
[    4.235386] scsi target2:0:1: Domain Validation skipping write tests
[    4.238066] scsi target2:0:1: Ending Domain Validation
[    4.239667] scsi target2:0:1: asynchronous
[    4.251758] sd 2:0:0:0: Attached scsi generic sg0 type 0
[    4.253430] sd 2:0:0:0: [sda] 20971520 512-byte logical blocks: (10.7 GB/10.0 GiB)
[    4.257323] sd 2:0:1:0: [sdb] 20480 512-byte logical blocks: (10.5 MB/10.0 MiB)
[    4.257748] sd 2:0:1:0: Attached scsi generic sg1 type 0
[    4.261948] sd 2:0:0:0: [sda] Write Protect is off
[    4.262119] sd 2:0:0:0: [sda] Incomplete mode parameter data
[    4.262121] sd 2:0:0:0: [sda] Assuming drive cache: write through
[    4.263797]  sda: sda1
[    4.265014] sd 2:0:0:0: [sda] Attached SCSI disk
[    4.270686] sd 2:0:1:0: [sdb] Write Protect is off
[    4.272187] sd 2:0:1:0: [sdb] Incomplete mode parameter data
[    4.273578] sd 2:0:1:0: [sdb] Assuming drive cache: write through
[    4.281095] sd 2:0:1:0: [sdb] Attached SCSI disk
Begin: Loading essential drivers ... [    5.801782] md: linear personality registered for level -1
[    5.809029] md: multipath personality registered for level -4
[    5.817033] md: raid0 personality registered for level 0
[    5.827463] md: raid1 personality registered for level 1
[    5.905742] raid6: mmxx1    gen()  3096 MB/s
[    5.974045] raid6: mmxx2    gen()  3167 MB/s
[    6.041996] raid6: sse1x1   gen()  2322 MB/s
[    6.109791] raid6: sse1x2   gen()  3045 MB/s
[    6.177773] raid6: sse2x1   gen()  6925 MB/s
[    6.245722] raid6: sse2x1   xor()  4198 MB/s
[    6.313905] raid6: sse2x2   gen()  7226 MB/s
[    6.381901] raid6: sse2x2   xor()  4041 MB/s
[    6.383896] raid6: using algorithm sse2x2 gen() 7226 MB/s
[    6.386057] raid6: .... xor() 4041 MB/s, rmw enabled
[    6.387984] raid6: using ssse3x1 recovery algorithm
[    6.407633] xor: automatically using best checksumming function:
[    6.453847]    avx       :  8183.000 MB/sec
[    6.469599] async_tx: api initialized (async)
[    6.565027] md: raid6 personality registered for level 6
[    6.571134] md: raid5 personality registered for level 5
[    6.575539] md: raid4 personality registered for level 4
[    6.615473] md: raid10 personality registered for level 10
done.
Begin: Running /scripts/init-premount ... done.
Begin: Mounting root file system ... Begin: Running /scripts/local-top ... done.
Begin: Running /scripts/local-premount ... [    6.740148] Btrfs loaded
Scanning for Btrfs filesystems
done.
Warning: fsck not present, so skipping root file system
[    6.804281] EXT4-fs (sda1): mounted filesystem with ordered data mode. Opts: (null)
done.
Begin: Running /scripts/local-bottom ... done.
Begin: Running /scripts/init-bottom ... done.
[    6.995862] systemd[1]: systemd 229 running in system mode. (+PAM +AUDIT +SELINUX +IMA +APPARMOR +SMACK +SYSVINIT +UTMP +LIBCRYPTSETUP +GCRYPT +GNUTLS +ACL +XZ -LZ4 +SECCOMP +BLKID +ELFUTILS +KMOD -IDN)
[    7.001284] systemd[1]: Detected virtualization oracle.
[    7.002967] systemd[1]: Detected architecture x86.

Welcome to [1mUbuntu 16.04.5 LTS[0m!

[    7.009184] systemd[1]: Set hostname to <ubuntu-xenial>.
[    7.214799] systemd[1]: Listening on Syslog Socket.
[[0;32m  OK  [0m] Listening on Syslog Socket.
[    7.222222] systemd[1]: Set up automount Arbitrary Executable File Formats File System Automount Point.
[[0;32m  OK  [0m] Set up automount Arbitrary Executab...ats File System Automount Point.
[    7.227810] systemd[1]: Listening on /dev/initctl Compatibility Named Pipe.
[[0;32m  OK  [0m] Listening on /dev/initctl Compatibility Named Pipe.
[    7.232102] systemd[1]: Listening on udev Kernel Socket.
[[0;32m  OK  [0m] Listening on udev Kernel Socket.
[    7.235686] systemd[1]: Listening on LVM2 poll daemon socket.
[[0;32m  OK  [0m] Listening on LVM2 poll daemon socket.
[    7.239214] systemd[1]: Listening on LVM2 metadata daemon socket.
[[0;32m  OK  [0m] Listening on LVM2 metadata daemon socket.
[    7.243040] systemd[1]: Listening on udev Control Socket.
[[0;32m  OK  [0m] Listening on udev Control Socket.
[    7.246412] systemd[1]: Listening on Journal Socket.
[[0;32m  OK  [0m] Listening on Journal Socket.
[    7.249320] systemd[1]: Reached target Encrypted Volumes.
[[0;32m  OK  [0m] Reached target Encrypted Volumes.
[    7.252607] systemd[1]: Listening on Journal Audit Socket.
[[0;32m  OK  [0m] Listening on Journal Audit Socket.
[    7.255859] systemd[1]: Listening on Device-mapper event daemon FIFOs.
[[0;32m  OK  [0m] Listening on Device-mapper event daemon FIFOs.
[    7.260407] systemd[1]: Listening on Journal Socket (/dev/log).
[[0;32m  OK  [0m] Listening on Journal Socket (/dev/log).
[    7.264822] systemd[1]: Created slice System Slice.
[[0;32m  OK  [0m] Created slice System Slice.
[    7.282030] systemd[1]: Starting Uncomplicated firewall...
         Starting Uncomplicated firewall...
[    7.289000] systemd[1]: Mounting Debug File System...
         Mounting Debug File System...
[    7.297223] systemd[1]: Starting Create list of required static device nodes for the current kernel...
         Starting Create list of required st... nodes for the current kernel...
[    7.305323] systemd[1]: Starting Set console keymap...
         Starting Set console keymap...
[    7.311560] systemd[1]: Starting Monitoring of LVM2 mirrors, snapshots etc. using dmeventd or progress polling...
         Starting Monitoring of LVM2 mirrors... dmeventd or progress polling...
[    7.322985] systemd[1]: Starting Load Kernel Modules...
         Starting Load Kernel Modules...
[    7.328196] systemd[1]: Created slice system-serial\x2dgetty.slice.
[[0;32m  OK  [0m] Created slice system-serial\x2dgetty.slice.
[    7.335448] systemd[1]: Mounting Huge Pages File System...
         Mounting Huge Pages File System...
[    7.340269] systemd[1]: Mounting POSIX Message Queue File System...
         Mounting POSIX Message Queue File System...
[    7.348274] systemd[1]: Starting Journal Service...
         Starting Journal Service...
[    7.354012] systemd[1]: Started Forward Password Requests to Wall Directory Watch.
[[0;32m  OK  [0[    7.358315] Loading iSCSI transport class v2.0-870.
m] Started Forward Password Requests to Wall Directory Watch.
[    7.361947] systemd[1]: Reached target Swap.
[[0;32m  OK  [0m] Reached target Swap.
[    7.365836] systemd[1]: Started Trigger resolvconf update for networkd DNS.
[[0;32m  OK  [0m] Started Trigger resolvconf update for networkd DNS.
[    7.390098] iscsi: registered transport (tcp)
[    7.398845] systemd[1]: Starting Remount Root and Kernel File Systems...
         Starting Remount Root and Kernel File Systems...
[    7.406806] systemd[1]: Reached target User and Group Name Lookups.
[[0;32m  OK  [0m] Reached target User and Group Name Lookups.
[    7.418151] EXT4-fs (sda1): re-mounted. Opts: (null)
[    7.418872] systemd[1]: Created slice User and Session Slice.
[[0;32m  OK  [0m] Created slice User and Session Slice.
[    7.423931] systemd[1]: Reached target Slices.
[[0;32m  OK  [0m] Reached target Slices.
[    7.430044] systemd[1]: Starting Nameserver information manager...
         Starting Nameserver information manager...
[    7.439566] systemd[1]: Reached target System Time Synchronized.
[[0;32m  OK  [0m] Reached target System Time Synchronized.
[    7.469302] systemd[1]: Mounted Debug File System.
[[0;32m  OK  [0m] Mounted Debug File System.
[    7.473197] systemd[1]: Mounted Huge Pages File System.
[[0;32m  OK  [0m] Mounted Huge Pages File System.
[    7.477030] systemd[1]: Mounted POSIX Message Queue File System.
[[0;32m  OK  [0m] Mounted POSIX Message Queue File System.
[    7.481840] systemd[1]: Started Journal Service.
[[0;32m  OK  [0m] Started Journal Service.
[[0;32m  OK  [0m] Started Uncomplicated firewall.
[[0;32m  OK  [0m] Started Create list of required sta...ce nodes for the current kernel.[    7.495067] iscsi: registered transport (iser)

[[0;32m  OK  [0m] Started Set console keymap.
[[0;32m  OK  [0m] Started Load Kernel Modules.
[[0;32m  OK  [0m] Started Remount Root and Kernel File Systems.
[[0;32m  OK  [0m] Started Nameserver information manager.
[[0;32m  OK  [0m] Started LVM2 metadata daemon.
         Starting Load/Save Random Seed...
         Starting udev Coldplug all Devices...
         Starting Apply Kernel Variables...
         Mounting FUSE Control File System...
         Starting Create Static Device Nodes in /dev...
         Starting Flush Journal to Persistent Storage...
[[0;32m  OK  [0m] Mounted FUSE Control File System.
[[0;32m  OK  [0m] Started Load/Save Random Seed.
[[0;32m  OK  [0m] Started Apply Kernel Variables.
[[0;32m  OK  [0m] Started Create Static Device Nodes in /dev.
[[0;32m  OK  [0m] Started udev Coldplug all Devices.
[[0;32m  OK  [0m] Started Flush Journal to Persistent Storage.
         Starting udev Kernel Device Manager...
[[0;32m  OK  [0m] Started udev Kernel Device Manager.
[[0;32m  OK  [0m] Started Dispatch Password Requests to Console Directory Watch.
[[0;32m  OK  [0m] Found device /dev/ttyS0.
[[0;32m  OK  [0m] Listening on Load/Save RF Kill Switch Status /dev/rfkill Watch.
[[0;32m  OK  [0m] Started Monitoring of LVM2 mirrors,...ng dmeventd or progress polling.
[[0;32m  OK  [0m] Reached target Local File Systems (Pre).
[[0;32m  OK  [0m] Reached target Local File Systems.
         Starting LSB: AppArmor initialization...
         Starting Set console font and keymap...
         Starting Create Volatile Files and Directories...
         Starting Initial cloud-init job (pre-networking)...
         Starting Tell Plymouth To Write Out Runtime Data...
[[0;32m  OK  [0m] Started Create Volatile Files and Directories.
[[0;32m  OK  [0m] Started Tell Plymouth To Write Out Runtime Data.
[[0;32m  OK  [0m] Found device 82540EM Gigabit Ethern...r (PRO/1000 MT Desktop Adapter).
         Starting Update UTMP about System Boot/Shutdown...
[[0;32m  OK  [0m] Started LSB: AppArmor initialization.
[[0;32m  OK  [0m] Started Update UTMP about System Boot/Shutdown.
[[0;32m  OK  [0m] Started Set console font and keymap.
[[0;32m  OK  [0m] Created slice system-getty.slice.
[   10.214242] cloud-init[613]: Cloud-init v. 18.4-0ubuntu1~16.04.2 running 'init-local' at Thu, 21 Feb 2019 15:42:38 +0000. Up 9.74 seconds.
[[0;32m  OK  [0m] Started Initial cloud-init job (pre-networking).
[[0;32m  OK  [0m] Reached target Network (Pre).
         Starting Raise network interfaces...
[[0;32m  OK  [0m] Started ifup for enp0s3.
[[0;32m  OK  [0m] Started Raise network interfaces.
[[0;32m  OK  [0m] Reached target Network.
         Starting Initial cloud-init job (metadata service crawler)...
[   12.115115] cloud-init[954]: Cloud-init v. 18.4-0ubuntu1~16.04.2 running 'init' at Thu, 21 Feb 2019 15:42:40 +0000. Up 11.32 seconds.
[   12.118679] cloud-init[954]: ci-info: ++++++++++++++++++++++++++++++++++++++Net device info++++++++++++++++++++++++++++++++++++++
[   12.122179] cloud-init[954]: ci-info: +--------+------+----------------------------+---------------+--------+-------------------+
[   12.125586] cloud-init[954]: ci-info: | Device |  Up  |          Address           |      Mask     | Scope  |     Hw-Address    |
[   12.129816] cloud-init[954]: ci-info: +--------+------+----------------------------+---------------+--------+-------------------+
[   12.133661] cloud-init[954]: ci-info: | enp0s3 | True |         10.0.2.15          | 255.255.255.0 | global | 02:ff:d3:32:7f:06 |
[   12.137118] cloud-init[954]: ci-info: | enp0s3 | True | fe80::ff:d3ff:fe32:7f06/64 |       .       |  link  | 02:ff:d3:32:7f:06 |
[   12.141672] cloud-init[954]: ci-info: |   lo   | True |         127.0.0.1          |   255.0.0.0   |  host  |         .         |
[   12.145302] cloud-init[954]: ci-info: |   lo   | True |          ::1/128           |       .       |  host  |         .         |
[   12.148917] cloud-init[954]: ci-info: +--------+------+----------------------------+---------------+--------+-------------------+
[   12.152755] cloud-init[954]: ci-info: +++++++++++++++++++++++++++Route IPv4 info++++++++++++++++++++++++++++
[   12.156774] cloud-init[954]: ci-info: +-------+-------------+----------+---------------+-----------+-------+
[   12.160807] cloud-init[954]: ci-info: | Route | Destination | Gateway  |    Genmask    | Interface | Flags |
[   12.164057] cloud-init[954]: ci-info: +-------+-------------+----------+---------------+-----------+-------+
[   12.167277] cloud-init[954]: ci-info: |   0   |   0.0.0.0   | 10.0.2.2 |    0.0.0.0    |   enp0s3  |   UG  |
[   12.170967] cloud-init[954]: ci-info: |   1   |   10.0.2.0  | 0.0.0.0  | 255.255.255.0 |   enp0s3  |   U   |
[   12.174692] cloud-init[954]: ci-info: +-------+-------------+----------+---------------+-----------+-------+
[   12.178220] cloud-init[954]: ci-info: +++++++++++++++++++Route IPv6 info+++++++++++++++++++
[   12.182154] cloud-init[954]: ci-info: +-------+-------------+---------+-----------+-------+
[   12.192555] cloud-init[954]: ci-info: | Route | Destination | Gateway | Interface | Flags |
[   12.194973] cloud-init[954]: ci-info: +-------+-------------+---------+-----------+-------+[[0;32m  OK  [0m] Started Initial cloud-init job (metadata service crawler).
[[0;32m  OK  [0m
] [   12.203247] cloud-init[954]: ci-info: |   0   |  fe80::/64  |    ::   |   enp0s3  |   U   |
Reached target Cloud-config availability.[   12.203507] cloud-init[954]: ci-info: |   3   |   ff00::/8  |    ::   |   enp0s3  |   U   |

[   12.206435] cloud-init[954]: ci-info: +-------+-------------+---------+-----------+-------+
[[0;32m  OK  [0m] Reached target Network is Online.
         Starting iSCSI initiator daemon (iscsid)...
[[0;32m  OK  [0m] Reached target System Initialization.
         Starting Socket activation for snappy daemon.
[[0;32m  OK  [0m] Started Daily Cleanup of Temporary Directories.
         Starting LXD - unix socket.
[[0;32m  OK  [0m] Started ACPI Events Check.
[[0;32m  OK  [0m] Reached target Paths.
[[0;32m  OK  [0m] Listening on ACPID Listen Socket.
[[0;32m  OK  [0m] Listening on D-Bus System Message Bus Socket.
[[0;32m  OK  [0m] Listening on UUID daemon activation socket.
[[0;32m  OK  [0m] Started Daily apt download activities.
[[0;32m  OK  [0m] Started Daily apt upgrade and clean activities.
[[0;32m  OK  [0m] Reached target Timers.
[[0;32m  OK  [0m] Listening on Socket activation for snappy daemon.
[[0;32m  OK  [0m] Listening on LXD - unix socket.
[[0;32m  OK  [0m] Started iSCSI initiator daemon (iscsid).
         Starting Login to default iSCSI targets...
[[0;32m  OK  [0m] Reached target Sockets.
[[0;32m  OK  [0m] Reached target Basic System.
         Starting System Logging Service...
         Starting LSB: MD monitoring daemon...
         Starting Virtualbox guest utils...
[[0;32m  OK  [0m] Started D-Bus System Message Bus.
[[0;32m  OK  [0m] Started ACPI event daemon.
         Starting LSB: Record successful boot for GRUB...
         Starting Login Service...
         Starting LXD - container startup/shutdown...
         Starting Accounts Service...
[[0;32m  OK  [0m] Started Unattended Upgrades Shutdown.
[[0;32m  OK  [0m] Started FUSE filesystem for LXC.
         Starting /etc/rc.local Compatibility...
[[0;32m  OK  [0m] Started Deferred execution scheduler.
         Starting OpenBSD Secure Shell server...
         Starting MySQL Community Server...
[[0;32m  OK  [0m] Started Regular background program processing daemon.
         Starting Snappy daemon...
[[0;32m  OK  [0m] Started System Logging Service.
[[0;32m  OK  [0m] Started /etc/rc.local Compatibility.
[[0;32m  OK  [0m] Started OpenBSD Secure Shell server.
[[0;32m  OK  [0m] Started Login to default iSCSI targets.
[[0;32m  OK  [0m] Started LSB: MD monitoring daemon.
[[0;32m  OK  [0m] Started LSB: Record successful boot for GRUB.
[[0;32m  OK  [0m] Started LXD - container startup/shutdown.
[[0;32m  OK  [0m] Started Virtualbox guest utils.
[[0;32m  OK  [0m] Started Snappy daemon.
[[0;32m  OK  [0m] Started Login Service.
         Starting Authenticate and Authorize Users to Run Privileged Tasks...
         Starting Wait until snapd is fully seeded...
[[0;32m  OK  [0m] Reached target Remote File Systems (Pre).
[[0;32m  OK  [0m] Reached target Remote File Systems.
         Starting Permit User Sessions...
         Starting LSB: automatic crash report generation...
         Starting LSB: Set the CPU Frequency Scaling governor to "ondemand"...
         Starting LSB: daemon to balance interrupts for SMP systems...
[[0;32m  OK  [0m] Started Permit User Sessions.
[[0;32m  OK  [0m] Started Authenticate and Authorize Users to Run Privileged Tasks.
[[0;32m  OK  [0m] Started Accounts Service.
[[0;32m  OK  [0m] Started Wait until snapd is fully seeded.
[[0;32m  OK  [0m] Started LSB: Set the CPU Frequency Scaling governor to "ondemand".
         Starting Apply the settings specified in cloud-config...
         Starting Terminate Plymouth Boot Screen...
         Starting Hold until boot process finishes up...
[[0;32m  OK  [0m] Started LSB: daemon to balance interrupts for SMP systems.
[[0;32m  OK  [0m] Started Terminate Plymouth Boot Screen.
[[0;32m  OK  [0m] Started Hold until boot process finishes up.
[[0;32m  OK  [0m] Started LSB: automatic crash report generation.
[[0;32m  OK  [0m] Started Getty on tty1.
         Starting Set console scheme...
[[0;32m  OK  [0m] Started Serial Getty on ttyS0.
[[0;32m  OK  [0m] Reached target Login Prompts.
[[0;32m  OK  [0m] Started Set console scheme.
[[0;32m  OK  [0m] Started MySQL Community Server.
[[0;32m  OK  [0m] Reached target Multi-User System.
[[0;32m  OK  [0m] Reached target Graphical Interface.
         Starting Update UTMP about System Runlevel Changes...
[[0;32m  OK  [0m] Started Update UTMP about System Runlevel Changes.
[   13.991282] cloud-init[1194]: Cloud-init v. 18.4-0ubuntu1~16.04.2 running 'modules:config' at Thu, 21 Feb 2019 15:42:42 +0000. Up 13.85 seconds.
[[0;32m  OK  [0m] Started Apply the settings specified in cloud-config.
         Starting Execute cloud user/final scripts...
[   14.712195] cloud-init[1256]: Cloud-init v. 18.4-0ubuntu1~16.04.2 running 'modules:final' at Thu, 21 Feb 2019 15:42:43 +0000. Up 14.55 seconds.
[   14.715898] cloud-init[1256]: Cloud-init v. 18.4-0ubuntu1~16.04.2 finished at Thu, 21 Feb 2019 15:42:43 +0000. Datasource DataSourceNoCloud [seed=/dev/sdb][dsmode=net].  Up 14.70 seconds
[[0;32m  OK  [0m] Started Execute cloud user/final scripts.
[[0;32m  OK  [0m] Reached target Cloud-init target.
         Starting Daily apt download activities...
[[0;32m  OK  [0m] Created slice User Slice of vagrant.
         Starting User Manager for UID 1000...
[[0;32m  OK  [0m] Started Session 1 of user vagrant.
[[0;32m  OK  [0m] Started User Manager for UID 1000.

Ubuntu 16.04.5 LTS ubuntu-xenial ttyS0

ubuntu-xenial login: 